dsntp-agent starting (cproj/dsntp skeleton, DRS-002)
[dsntp-agent] node=3 state=SyncWait port=47503 peers=2
[dsntp-agent] round=1 state=Collecting tc=0 synced=890200756521 samples=0
[dsntp-agent] peer timeout 127.0.0.1:47501 (suspect)
[dsntp-agent] peer timeout 127.0.0.1:47502 (suspect)
[dsntp-agent] round=1 state=Consensus tc=0 synced=894132126221 samples=1
[dsntp-agent] samples=1 < 2f+1; keep previous Tc
[dsntp-agent] round=1 state=Estimating tc=0 synced=897320146821 samples=1
[dsntp-agent] round=1 state=Running tc=0 synced=900015672921 samples=1
[dsntp-agent] round=1 state=SyncWait tc=0 synced=902365052921 samples=1
[dsntp-agent] round=2 state=Collecting tc=0 synced=904844126921 samples=1
[dsntp-agent] peer timeout 127.0.0.1:47501 (suspect)
[dsntp-agent] peer timeout 127.0.0.1:47502 (suspect)
[dsntp-agent] round=2 state=Consensus tc=0 synced=908602703721 samples=1
[dsntp-agent] samples=1 < 2f+1; keep previous Tc
[dsntp-agent] round=2 state=Estimating tc=0 synced=908786069621 samples=1
[dsntp-agent] round=2 state=Running tc=0 synced=908844232221 samples=1
[dsntp-agent] round=2 state=SyncWait tc=0 synced=908942501721 samples=1
[dsntp-agent] round=3 state=Collecting tc=0 synced=910235552421 samples=1
[dsntp-agent] round=3 state=Consensus tc=0 synced=910314178221 samples=3
[dsntp-agent] round=3 state=Estimating tc=910287767121 synced=910362192921 samples=3
[dsntp-agent] round=3 state=Running tc=910287767121 synced=914444142121 samples=3
[dsntp-agent] round=3 state=SyncWait tc=910287767121 synced=383080072748021 samples=3
